
Running 1 test using 1 worker

  Γ£ÿ  1 [chromium] ΓÇ║ tests\regression_check.spec.js:46:5 ΓÇ║ DMerch E2E Regression Suite ΓÇ║ CRITICAL: PayMongo Checkout Flow (22.1s)
  Γ£ÿ  2 [chromium] ΓÇ║ tests\regression_check.spec.js:46:5 ΓÇ║ DMerch E2E Regression Suite ΓÇ║ CRITICAL: PayMongo Checkout Flow (retry #1) (22.4s)


  1) [chromium] ΓÇ║ tests\regression_check.spec.js:46:5 ΓÇ║ DMerch E2E Regression Suite ΓÇ║ CRITICAL: PayMongo Checkout Flow 

    Error: [2mexpect([22m[31mlocator[39m[2m).[22mtoBeVisible[2m([22m[2m)[22m failed

    Locator: locator('iframe[title="PayMongo Checkout"]').contentFrame().getByText(/Pay|Total|Amount/i).first()
    Expected: visible
    Timeout: 20000ms
    Error: element(s) not found

    Call log:
    [2m  - Expect "toBeVisible" with timeout 20000ms[22m
    [2m  - waiting for locator('iframe[title="PayMongo Checkout"]').contentFrame().getByText(/Pay|Total|Amount/i).first()[22m


      93 |         // This confirms the external PayMongo page has successfully loaded
      94 |         const paymentDetails = paymongoFrame.getByText(/Pay|Total|Amount/i).first();
    > 95 |         await expect(paymentDetails).toBeVisible({ timeout: 20000 });
         |                                      ^
      96 |     });
      97 |
      98 |     test('UI Regression: Categories Check', async ({ page }) => {
        at C:\Users\Admin\Desktop\DigitalMerch\tests\regression_check.spec.js:95:38

    Error Context: test-results\regression_check-DMerch-E2-54f08-ICAL-PayMongo-Checkout-Flow-chromium\error-context.md

    Retry #1 ΓöÇΓöÇΓöÇΓöÇΓöÇΓöÇΓöÇΓöÇΓöÇΓöÇΓöÇΓöÇΓöÇΓöÇΓöÇΓöÇΓöÇΓöÇΓöÇΓöÇΓöÇΓöÇΓöÇΓöÇΓöÇΓöÇΓöÇΓöÇΓöÇΓöÇΓöÇΓöÇΓöÇΓöÇΓöÇΓöÇΓöÇΓöÇΓöÇΓöÇΓöÇΓöÇΓöÇΓöÇΓöÇΓöÇΓöÇΓöÇΓöÇΓöÇΓöÇΓöÇΓöÇΓöÇΓöÇΓöÇΓöÇΓöÇΓöÇΓöÇΓöÇΓöÇΓöÇΓöÇΓöÇΓöÇΓöÇΓöÇΓöÇΓöÇΓöÇΓöÇΓöÇΓöÇΓöÇΓöÇΓöÇΓöÇΓöÇΓöÇΓöÇΓöÇΓöÇΓöÇΓöÇΓöÇΓöÇ

    Error: [2mexpect([22m[31mlocator[39m[2m).[22mtoBeVisible[2m([22m[2m)[22m failed

    Locator: locator('iframe[title="PayMongo Checkout"]').contentFrame().getByText(/Pay|Total|Amount/i).first()
    Expected: visible
    Timeout: 20000ms
    Error: element(s) not found

    Call log:
    [2m  - Expect "toBeVisible" with timeout 20000ms[22m
    [2m  - waiting for locator('iframe[title="PayMongo Checkout"]').contentFrame().getByText(/Pay|Total|Amount/i).first()[22m


      93 |         // This confirms the external PayMongo page has successfully loaded
      94 |         const paymentDetails = paymongoFrame.getByText(/Pay|Total|Amount/i).first();
    > 95 |         await expect(paymentDetails).toBeVisible({ timeout: 20000 });
         |                                      ^
      96 |     });
      97 |
      98 |     test('UI Regression: Categories Check', async ({ page }) => {
        at C:\Users\Admin\Desktop\DigitalMerch\tests\regression_check.spec.js:95:38

    Error Context: test-results\regression_check-DMerch-E2-54f08-ICAL-PayMongo-Checkout-Flow-chromium-retry1\error-context.md

    attachment #2: trace (application/zip) ΓöÇΓöÇΓöÇΓöÇΓöÇΓöÇΓöÇΓöÇΓöÇΓöÇΓöÇΓöÇΓöÇΓöÇΓöÇΓöÇΓöÇΓöÇΓöÇΓöÇΓöÇΓöÇΓöÇΓöÇΓöÇΓöÇΓöÇΓöÇΓöÇΓöÇΓöÇΓöÇΓöÇΓöÇΓöÇΓöÇΓöÇΓöÇΓöÇΓöÇΓöÇΓöÇΓöÇΓöÇΓöÇΓöÇΓöÇΓöÇΓöÇΓöÇΓöÇΓöÇΓöÇΓöÇΓöÇΓöÇΓöÇ
    test-results\regression_check-DMerch-E2-54f08-ICAL-PayMongo-Checkout-Flow-chromium-retry1\trace.zip
    Usage:

        npx playwright show-trace test-results\regression_check-DMerch-E2-54f08-ICAL-PayMongo-Checkout-Flow-chromium-retry1\trace.zip

    ΓöÇΓöÇΓöÇΓöÇΓöÇΓöÇΓöÇΓöÇΓöÇΓöÇΓöÇΓöÇΓöÇΓöÇΓöÇΓöÇΓöÇΓöÇΓöÇΓöÇΓöÇΓöÇΓöÇΓöÇΓöÇΓöÇΓöÇΓöÇΓöÇΓöÇΓöÇΓöÇΓöÇΓöÇΓöÇΓöÇΓöÇΓöÇΓöÇΓöÇΓöÇΓöÇΓöÇΓöÇΓöÇΓöÇΓöÇΓöÇΓöÇΓöÇΓöÇΓöÇΓöÇΓöÇΓöÇΓöÇΓöÇΓöÇΓöÇΓöÇΓöÇΓöÇΓöÇΓöÇΓöÇΓöÇΓöÇΓöÇΓöÇΓöÇΓöÇΓöÇΓöÇΓöÇΓöÇΓöÇΓöÇΓöÇΓöÇΓöÇΓöÇΓöÇΓöÇΓöÇΓöÇΓöÇΓöÇΓöÇΓöÇΓöÇΓöÇΓöÇΓöÇΓöÇΓöÇΓöÇ

  1 failed
    [chromium] ΓÇ║ tests\regression_check.spec.js:46:5 ΓÇ║ DMerch E2E Regression Suite ΓÇ║ CRITICAL: PayMongo Checkout Flow 
